6ter - Hitler, la folie d'un homme - 06-05-2013 20h49 01h41 (387).m2ts
6ter - Sept vies - 23-05-2013 21h26 01h19 (391).m2ts
Aliens.m2ts
Arte - De l'Orient à l'Occident (Le triomphe du monothéisme) - 01-09-2012 21h42 01h28 (186).m2ts
Arte - De l'Orient à l'Occident (Le triomphe du monothéisme) - 01-09-2012 21h58 01h42 (189).m2ts
Arte - Goldman Sachs (La banque qui dirige le monde) - 17-10-2012 23h39 56m (234).m2ts
Arte - Goldman Sachs - 04-09-2012 20h49 01h44 (191).m2ts
France 5 - L'extraordinaire voyage de la Terre (L'axe incliné) - 05-05-2013 14h13 48m (385).m2ts
France 5 - L'univers (A toute vitesse) - 27-10-2013 14h07 33m (476).m2ts
France 5 - Le monde en face - 16-10-2012 21h25 05m (233).m2ts
France 5 - Les dix plaies d'Egypte (L'ange de la mort) - 04-11-2012 17h30 16m (250).m2ts
France 5 - Terre sous influence - 15-07-2012 20h59 01h06 (115).m2ts
Medi1TV - noir finance 06-07-2013 11h38 01h30 (408).m2ts
National Geographic Channel - Air Crash (Sécurité aérienne défaillante) - 29-01-2014 21h02 28m (541).m2ts
National Geographic Channel - Frayeur en plein vol (La loi de la nature) - 29-01-2014 21h30 50m (542).m2ts
National Geographic Channel - Frayeur en plein vol (La loi de la nature) - 29-01-2014 21h30 50m (543).m2ts
RMC Découverte - Alien Theory (L'héritage de Von Däniken) - 18-01-2014 20h52 05h13 (519).m2ts
RMC Découverte - Alien Theory (La source du mal) - 26-01-2014 01h15 45m (536).m2ts
RMC Découverte - Alien Theory (Les catastrophes climatiques) - 26-01-2014 00h30 45m (535).m2ts
RMC Découverte - Alien Theory (Les cultes du diable) - 25-01-2014 23h50 40m (534).m2ts
RMC Découverte - Alien Theory (Les dieux vikings) - 18-01-2014 23h15 02h (520).m2ts
RMC Découverte - Alien Theory (Les dieux vikings) - 25-01-2014 23h00 45m (533).m2ts
RMC Découverte - Alien Theory (Les monolithes) - 25-01-2014 22h58 02m (532).m2ts
RMC Découverte - Alien Theory (Les mystères du IIIe Reich) - 05-01-2014 00h41 44m (515).m2ts
RMC Découverte - Alien Theory (Mystérieuses reliques) - 25-01-2014 21h53 22m (529).m2ts
RMC Découverte - Alien Theory (Mystérieuses reliques) - 25-01-2014 21h53 22m (530).m2ts
RMC Découverte - Alien Theory (Stratégies secrètes) - 25-01-2014 20h56 34m (527).m2ts
RMC Découverte - Alien Theory (Stratégies secrètes) - 25-01-2014 20h56 34m (528).m2ts
RMC Découverte - Mystères des profondeurs (Tsunami et vagues scélérates) - 04-11-2013 22h53 22m (480).m2ts
RMC Découverte - Planète carnivore (L'ours polaire) - 09-11-2013 16h45 15m (483).m2ts
